<html>
<body>
<pre>
<h1>µVision Build Log</h1>
<h2>Tool Versions:</h2>
IDE-Version: ¦ÌVision V5.14.0.0
Copyright (C) 2015 ARM Ltd and ARM Germany GmbH. All rights reserved.
License Information: Tan Liora, Yueqian, LIC=S5IVE-5THAQ-LVE1I-TPLT6-YWSZQ-SJ209
 
Tool Versions:
Toolchain:       MDK-ARM Professional  Version: 5.14.0.0
Toolchain Path:  D:\Software\SoftwareTool\MDK5.14\ARM\ARMCC\Bin
C Compiler:      Armcc.exe V5.05 update 1 (build 106)
Assembler:       Armasm.exe V5.05 update 1 (build 106)
Linker/Locator:  ArmLink.exe V5.05 update 1 (build 106)
Library Manager: ArmAr.exe V5.05 update 1 (build 106)
Hex Converter:   FromElf.exe V5.05 update 1 (build 106)
CPU DLL:         SARMCM3.DLL V5.14.0.0
Dialog DLL:      DCM.DLL V1.13.1.0
Target DLL:      Segger\JL2CM3.dll V2.99.13.0
Dialog DLL:      TCM.DLL V1.14.4.0
 
<h2>Project:</h2>
d:\HomeFolder\Desktop\STM32F1xx_CODE\smart_puppy\USER\LED.uvprojx
Project File Date:  10/17/2025

<h2>Output:</h2>
Build target 'Target 1'
compiling DogActions.c...
..\HARDWARE\DogActions.c(359): warning:  #1-D: last line of file ends without a newline
  }
..\HARDWARE\DogActions.c(63): warning:  #177-D: function "Dog_NotifyActionComplete" was declared but never referenced
  static void Dog_NotifyActionComplete(void)
..\HARDWARE\DogActions.c: 2 warnings, 0 errors
linking...
Program Size: Code=16946 RO-data=1790 RW-data=192 ZI-data=1024  
FromELF: creating hex file...
"..\OBJ\LED.axf" - 0 Error(s), 2 Warning(s).

<h2>Collection of Component include folders:</h2>
  d:\HomeFolder\Desktop\STM32F1xx_CODE\smart_puppy\USER\RTE
  D:\Software\SoftwareTool\MDK5.14\ARM\PACK\Keil\STM32F1xx_DFP\1.0.5\Device\Include

<h2>Collection of Component Files used:</h2>
</pre>
</body>
</html>
